// Jest Snapshot v1, https://goo.gl/fbAQLP

exports[`<ProfilePage /> should render and match the snapshot 1`] = `"<div class=\\"MuiGrid-root Grid-sc-1hkmrvu-0 NPciN MuiGrid-container\\"><div class=\\"MuiGrid-root Grid-sc-1hkmrvu-0 NPciN MuiGrid-item MuiGrid-grid-xs-12\\"><h1 class=\\"H1-sc-1hnsqhn-0 eVZYlZ\\"><span>Profile page</span></h1><hr class=\\"MuiDivider-root Divider-l75xrl-0 gGKxTy\\"></div><div class=\\"MuiGrid-root Grid-sc-1hkmrvu-0 NPciN MuiGrid-item MuiGrid-grid-xs-12 MuiGrid-grid-md-3\\"><div class=\\"MuiPaper-root Paper-t524pg-0 kiWvaW MuiPaper-elevation1 MuiPaper-rounded\\"></div></div><div class=\\"MuiGrid-root Grid-sc-1hkmrvu-0 NPciN MuiGrid-item MuiGrid-grid-xs-12 MuiGrid-grid-md-9\\"><div class=\\"MuiPaper-root Paper-t524pg-0 kiWvaW MuiPaper-elevation1 MuiPaper-rounded\\"><form><div class=\\"MuiGrid-root Grid-sc-1hkmrvu-0 NPciN\\"></div><div class=\\"MuiGrid-root Grid-sc-1hkmrvu-0 NPciN\\"><div class=\\"MuiFormControl-root MuiTextField-root TextField-sc-49gm8g-0 ghxyDQ\\"><label class=\\"MuiFormLabel-root MuiInputLabel-root MuiInputLabel-formControl MuiInputLabel-animated MuiInputLabel-shrink MuiInputLabel-outlined MuiFormLabel-filled\\" data-shrink=\\"true\\">Username</label><div class=\\"MuiInputBase-root MuiOutlinedInput-root MuiInputBase-formControl\\"><input aria-invalid=\\"false\\" name=\\"username\\" type=\\"text\\" class=\\"MuiInputBase-input MuiOutlinedInput-input\\" value=\\"username\\"><fieldset aria-hidden=\\"true\\" class=\\"PrivateNotchedOutline-root-218 MuiOutlinedInput-notchedOutline\\"><legend class=\\"PrivateNotchedOutline-legendLabelled-220 PrivateNotchedOutline-legendNotched-221\\"><span>Username</span></legend></fieldset></div></div></div><div class=\\"MuiGrid-root Grid-sc-1hkmrvu-0 NPciN\\"><div class=\\"MuiFormControl-root MuiTextField-root TextField-sc-49gm8g-0 ghxyDQ\\"><label class=\\"MuiFormLabel-root MuiInputLabel-root MuiInputLabel-formControl MuiInputLabel-animated MuiInputLabel-shrink MuiInputLabel-outlined MuiFormLabel-filled\\" data-shrink=\\"true\\">E-mail</label><div class=\\"MuiInputBase-root MuiOutlinedInput-root MuiInputBase-formControl\\"><input aria-invalid=\\"false\\" name=\\"email\\" type=\\"email\\" class=\\"MuiInputBase-input MuiOutlinedInput-input\\" value=\\"test@gmail.com\\"><fieldset aria-hidden=\\"true\\" class=\\"PrivateNotchedOutline-root-218 MuiOutlinedInput-notchedOutline\\"><legend class=\\"PrivateNotchedOutline-legendLabelled-220 PrivateNotchedOutline-legendNotched-221\\"><span>E-mail</span></legend></fieldset></div></div></div><div class=\\"MuiGrid-root Grid-sc-1hkmrvu-0 NPciN\\"><div class=\\"MuiFormControl-root MuiTextField-root TextField-sc-49gm8g-0 ghxyDQ\\"><label class=\\"MuiFormLabel-root MuiInputLabel-root MuiInputLabel-formControl MuiInputLabel-animated MuiInputLabel-outlined\\" data-shrink=\\"false\\">Password</label><div class=\\"MuiInputBase-root MuiOutlinedInput-root MuiInputBase-formControl\\"><input aria-invalid=\\"false\\" name=\\"password\\" type=\\"password\\" class=\\"MuiInputBase-input MuiOutlinedInput-input\\" value=\\"\\"><fieldset aria-hidden=\\"true\\" class=\\"PrivateNotchedOutline-root-218 MuiOutlinedInput-notchedOutline\\"><legend class=\\"PrivateNotchedOutline-legendLabelled-220\\"><span>Password</span></legend></fieldset></div></div></div><div class=\\"MuiGrid-root Grid-sc-1hkmrvu-0 NPciN\\"><button class=\\"MuiButtonBase-root MuiButton-root MuiButton-text Button-sc-17yegtu-0 cOSvqW\\" tabindex=\\"0\\" type=\\"submit\\"><span class=\\"MuiButton-label\\"><span>Update</span></span><span class=\\"MuiTouchRipple-root\\"></span></button></div></form></div></div></div>"`;
